Archive member included to satisfy reference by file (symbol)

e:/microchip studio/7.0/toolchain/avr8/avr8-gnu-toolchain/bin/../lib/gcc/avr/5.4.0/avr5\libgcc.a(_exit.o)
                              E:/microchip studio/7.0/Packs/atmel/ATmega_DFP/1.7.374/gcc/dev/atmega32/avr5/crtatmega32.o (exit)
e:/microchip studio/7.0/toolchain/avr8/avr8-gnu-toolchain/bin/../lib/gcc/avr/5.4.0/avr5\libgcc.a(_clear_bss.o)
                              application/app.o (__do_clear_bss)

Discarded input sections

 .data          0x00000000        0x0 E:/microchip studio/7.0/Packs/atmel/ATmega_DFP/1.7.374/gcc/dev/atmega32/avr5/crtatmega32.o
 .bss           0x00000000        0x0 E:/microchip studio/7.0/Packs/atmel/ATmega_DFP/1.7.374/gcc/dev/atmega32/avr5/crtatmega32.o
 .text          0x00000000        0x0 application/app.o
 .data          0x00000000        0x0 application/app.o
 .bss           0x00000000        0x0 application/app.o
 .text.app_init
                0x00000000       0x7e application/app.o
 .text.app_start
                0x00000000       0xdc application/app.o
 .text          0x00000000        0x0 ECUAL/button driver/button.o
 .data          0x00000000        0x0 ECUAL/button driver/button.o
 .bss           0x00000000        0x0 ECUAL/button driver/button.o
 .text.BUTTON_init
                0x00000000        0x8 ECUAL/button driver/button.o
 .text.BUTTON_read
                0x00000000        0x6 ECUAL/button driver/button.o
 .debug_info    0x00000000      0x14f ECUAL/button driver/button.o
 .debug_abbrev  0x00000000       0x94 ECUAL/button driver/button.o
 .debug_loc     0x00000000       0xaa ECUAL/button driver/button.o
 .debug_aranges
                0x00000000       0x28 ECUAL/button driver/button.o
 .debug_ranges  0x00000000       0x18 ECUAL/button driver/button.o
 .debug_line    0x00000000       0xf1 ECUAL/button driver/button.o
 .debug_str     0x00000000      0x1e2 ECUAL/button driver/button.o
 .comment       0x00000000       0x31 ECUAL/button driver/button.o
 .debug_frame   0x00000000       0x34 ECUAL/button driver/button.o
 .text          0x00000000        0x0 ECUAL/led driver/led.o
 .data          0x00000000        0x0 ECUAL/led driver/led.o
 .bss           0x00000000        0x0 ECUAL/led driver/led.o
 .text.LED_init
                0x00000000        0x8 ECUAL/led driver/led.o
 .text.LED_on   0x00000000        0x8 ECUAL/led driver/led.o
 .text.LED_off  0x00000000        0x8 ECUAL/led driver/led.o
 .text          0x00000000        0x0 main.o
 .data          0x00000000        0x0 main.o
 .bss           0x00000000        0x0 main.o
 .text          0x00000000        0x0 MCAL/dio driver/dio.o
 .data          0x00000000        0x0 MCAL/dio driver/dio.o
 .bss           0x00000000        0x0 MCAL/dio driver/dio.o
 .text.DIO_init
                0x00000000      0x10c MCAL/dio driver/dio.o
 .text.DIO_write
                0x00000000      0x10c MCAL/dio driver/dio.o
 .text.DIO_read
                0x00000000       0xd6 MCAL/dio driver/dio.o
 .text.DIO_port_init
                0x00000000       0x24 MCAL/dio driver/dio.o
 .text.DIO_port_write
                0x00000000       0x24 MCAL/dio driver/dio.o
 .text          0x00000000        0x0 MCAL/timer driver/timer.o
 .data          0x00000000        0x0 MCAL/timer driver/timer.o
 .bss           0x00000000        0x0 MCAL/timer driver/timer.o
 .text.TIMER0_init
                0x00000000       0x2a MCAL/timer driver/timer.o
 .text.TIMER0_start
                0x00000000       0x84 MCAL/timer driver/timer.o
 .text.TIMER0_stop
                0x00000000        0x4 MCAL/timer driver/timer.o
 .text.TIMER0_delay
                0x00000000       0x44 MCAL/timer driver/timer.o
 .text.TIMER2_init
                0x00000000       0x2a MCAL/timer driver/timer.o
 .text.TIMER2_delay
                0x00000000       0x44 MCAL/timer driver/timer.o
 .text          0x00000000        0x0 e:/microchip studio/7.0/toolchain/avr8/avr8-gnu-toolchain/bin/../lib/gcc/avr/5.4.0/avr5\libgcc.a(_exit.o)
 .data          0x00000000        0x0 e:/microchip studio/7.0/toolchain/avr8/avr8-gnu-toolchain/bin/../lib/gcc/avr/5.4.0/avr5\libgcc.a(_exit.o)
 .bss           0x00000000        0x0 e:/microchip studio/7.0/toolchain/avr8/avr8-gnu-toolchain/bin/../lib/gcc/avr/5.4.0/avr5\libgcc.a(_exit.o)
 .text.libgcc.mul
                0x00000000        0x0 e:/microchip studio/7.0/toolchain/avr8/avr8-gnu-toolchain/bin/../lib/gcc/avr/5.4.0/avr5\libgcc.a(_exit.o)
 .text.libgcc.div
                0x00000000        0x0 e:/microchip studio/7.0/toolchain/avr8/avr8-gnu-toolchain/bin/../lib/gcc/avr/5.4.0/avr5\libgcc.a(_exit.o)
 .text.libgcc   0x00000000        0x0 e:/microchip studio/7.0/toolchain/avr8/avr8-gnu-toolchain/bin/../lib/gcc/avr/5.4.0/avr5\libgcc.a(_exit.o)
 .text.libgcc.prologue
                0x00000000        0x0 e:/microchip studio/7.0/toolchain/avr8/avr8-gnu-toolchain/bin/../lib/gcc/avr/5.4.0/avr5\libgcc.a(_exit.o)
 .text.libgcc.builtins
                0x00000000        0x0 e:/microchip studio/7.0/toolchain/avr8/avr8-gnu-toolchain/bin/../lib/gcc/avr/5.4.0/avr5\libgcc.a(_exit.o)
 .text.libgcc.fmul
                0x00000000        0x0 e:/microchip studio/7.0/toolchain/avr8/avr8-gnu-toolchain/bin/../lib/gcc/avr/5.4.0/avr5\libgcc.a(_exit.o)
 .text.libgcc.fixed
                0x00000000        0x0 e:/microchip studio/7.0/toolchain/avr8/avr8-gnu-toolchain/bin/../lib/gcc/avr/5.4.0/avr5\libgcc.a(_exit.o)
 .text          0x00000000        0x0 e:/microchip studio/7.0/toolchain/avr8/avr8-gnu-toolchain/bin/../lib/gcc/avr/5.4.0/avr5\libgcc.a(_clear_bss.o)
 .data          0x00000000        0x0 e:/microchip studio/7.0/toolchain/avr8/avr8-gnu-toolchain/bin/../lib/gcc/avr/5.4.0/avr5\libgcc.a(_clear_bss.o)
 .bss           0x00000000        0x0 e:/microchip studio/7.0/toolchain/avr8/avr8-gnu-toolchain/bin/../lib/gcc/avr/5.4.0/avr5\libgcc.a(_clear_bss.o)
 .text.libgcc.mul
                0x00000000        0x0 e:/microchip studio/7.0/toolchain/avr8/avr8-gnu-toolchain/bin/../lib/gcc/avr/5.4.0/avr5\libgcc.a(_clear_bss.o)
 .text.libgcc.div
                0x00000000        0x0 e:/microchip studio/7.0/toolchain/avr8/avr8-gnu-toolchain/bin/../lib/gcc/avr/5.4.0/avr5\libgcc.a(_clear_bss.o)
 .text.libgcc   0x00000000        0x0 e:/microchip studio/7.0/toolchain/avr8/avr8-gnu-toolchain/bin/../lib/gcc/avr/5.4.0/avr5\libgcc.a(_clear_bss.o)
 .text.libgcc.prologue
                0x00000000        0x0 e:/microchip studio/7.0/toolchain/avr8/avr8-gnu-toolchain/bin/../lib/gcc/avr/5.4.0/avr5\libgcc.a(_clear_bss.o)
 .text.libgcc.builtins
                0x00000000        0x0 e:/microchip studio/7.0/toolchain/avr8/avr8-gnu-toolchain/bin/../lib/gcc/avr/5.4.0/avr5\libgcc.a(_clear_bss.o)
 .text.libgcc.fmul
                0x00000000        0x0 e:/microchip studio/7.0/toolchain/avr8/avr8-gnu-toolchain/bin/../lib/gcc/avr/5.4.0/avr5\libgcc.a(_clear_bss.o)
 .text.libgcc.fixed
                0x00000000        0x0 e:/microchip studio/7.0/toolchain/avr8/avr8-gnu-toolchain/bin/../lib/gcc/avr/5.4.0/avr5\libgcc.a(_clear_bss.o)

Memory Configuration

Name             Origin             Length             Attributes
text             0x00000000         0x00008000         xr
data             0x00800060         0x00000800         rw !x
eeprom           0x00810000         0x00000400         rw !x
fuse             0x00820000         0x00000002         rw !x
lock             0x00830000         0x00000400         rw !x
signature        0x00840000         0x00000400         rw !x
user_signatures  0x00850000         0x00000400         rw !x
*default*        0x00000000         0xffffffff

Linker script and memory map

LOAD E:/microchip studio/7.0/Packs/atmel/ATmega_DFP/1.7.374/gcc/dev/atmega32/avr5/crtatmega32.o
LOAD application/app.o
LOAD ECUAL/button driver/button.o
LOAD ECUAL/led driver/led.o
LOAD main.o
LOAD MCAL/dio driver/dio.o
LOAD MCAL/timer driver/timer.o
START GROUP
LOAD e:/microchip studio/7.0/toolchain/avr8/avr8-gnu-toolchain/bin/../lib/gcc/avr/5.4.0/../../../../avr/lib/avr5\libm.a
END GROUP
START GROUP
LOAD e:/microchip studio/7.0/toolchain/avr8/avr8-gnu-toolchain/bin/../lib/gcc/avr/5.4.0/avr5\libgcc.a
LOAD e:/microchip studio/7.0/toolchain/avr8/avr8-gnu-toolchain/bin/../lib/gcc/avr/5.4.0/../../../../avr/lib/avr5\libm.a
LOAD e:/microchip studio/7.0/toolchain/avr8/avr8-gnu-toolchain/bin/../lib/gcc/avr/5.4.0/../../../../avr/lib/avr5\libc.a
LOAD E:/microchip studio/7.0/Packs/atmel/ATmega_DFP/1.7.374/gcc/dev/atmega32/avr5\libatmega32.a
END GROUP
                0x00000000                __TEXT_REGION_ORIGIN__ = DEFINED (__TEXT_REGION_ORIGIN__)?__TEXT_REGION_ORIGIN__:0x0
                [0x00800060]                __DATA_REGION_ORIGIN__ = DEFINED (__DATA_REGION_ORIGIN__)?__DATA_REGION_ORIGIN__:0x800060
                [0x00008000]                __TEXT_REGION_LENGTH__ = DEFINED (__TEXT_REGION_LENGTH__)?__TEXT_REGION_LENGTH__:0x20000
                [0x00000800]                __DATA_REGION_LENGTH__ = DEFINED (__DATA_REGION_LENGTH__)?__DATA_REGION_LENGTH__:0xffa0
                [0x00000400]                __EEPROM_REGION_LENGTH__ = DEFINED (__EEPROM_REGION_LENGTH__)?__EEPROM_REGION_LENGTH__:0x10000
                [0x00000002]                __FUSE_REGION_LENGTH__ = DEFINED (__FUSE_REGION_LENGTH__)?__FUSE_REGION_LENGTH__:0x400
                0x00000400                __LOCK_REGION_LENGTH__ = DEFINED (__LOCK_REGION_LENGTH__)?__LOCK_REGION_LENGTH__:0x400
                0x00000400                __SIGNATURE_REGION_LENGTH__ = DEFINED (__SIGNATURE_REGION_LENGTH__)?__SIGNATURE_REGION_LENGTH__:0x400
                0x00000400                __USER_SIGNATURE_REGION_LENGTH__ = DEFINED (__USER_SIGNATURE_REGION_LENGTH__)?__USER_SIGNATURE_REGION_LENGTH__:0x400

.hash
 *(.hash)

.dynsym
 *(.dynsym)

.dynstr
 *(.dynstr)

.gnu.version
 *(.gnu.version)

.gnu.version_d
 *(.gnu.version_d)

.gnu.version_r
 *(.gnu.version_r)

.rel.init
 *(.rel.init)

.rela.init
 *(.rela.init)

.rel.text
 *(.rel.text)
 *(.rel.text.*)
 *(.rel.gnu.linkonce.t*)

.rela.text
 *(.rela.text)
 *(.rela.text.*)
 *(.rela.gnu.linkonce.t*)

.rel.fini
 *(.rel.fini)

.rela.fini
 *(.rela.fini)

.rel.rodata
 *(.rel.rodata)
 *(.rel.rodata.*)
 *(.rel.gnu.linkonce.r*)

.rela.rodata
 *(.rela.rodata)
 *(.rela.rodata.*)
 *(.rela.gnu.linkonce.r*)

.rel.data
 *(.rel.data)
 *(.rel.data.*)
 *(.rel.gnu.linkonce.d*)

.rela.data
 *(.rela.data)
 *(.rela.data.*)
 *(.rela.gnu.linkonce.d*)

.rel.ctors
 *(.rel.ctors)

.rela.ctors
 *(.rela.ctors)

.rel.dtors
 *(.rel.dtors)

.rela.dtors
 *(.rela.dtors)

.rel.got
 *(.rel.got)

.rela.got
 *(.rela.got)

.rel.bss
 *(.rel.bss)

.rela.bss
 *(.rela.bss)

.rel.plt
 *(.rel.plt)

.rela.plt
 *(.rela.plt)

.text           0x00000000      0x352
 *(.vectors)
 .vectors       0x00000000       0x54 E:/microchip studio/7.0/Packs/atmel/ATmega_DFP/1.7.374/gcc/dev/atmega32/avr5/crtatmega32.o
                0x00000000                __vector_default
                0x00000000                __vectors
 *(.vectors)
 *(.progmem.gcc*)
                0x00000054                . = ALIGN (0x2)
                0x00000054                __trampolines_start = .
 *(.trampolines)
 .trampolines   0x00000054        0x0 linker stubs
 *(.trampolines*)
                0x00000054                __trampolines_end = .
 *libprintf_flt.a:*(.progmem.data)
 *libc.a:*(.progmem.data)
 *(.progmem*)
                0x00000054                . = ALIGN (0x2)
 *(.jumptables)
 *(.jumptables*)
 *(.lowtext)
 *(.lowtext*)
                0x00000054                __ctors_start = .
 *(.ctors)
                0x00000054                __ctors_end = .
                0x00000054                __dtors_start = .
 *(.dtors)
                0x00000054                __dtors_end = .
 SORT(*)(.ctors)
 SORT(*)(.dtors)
 *(.init0)
 .init0         0x00000054        0x0 E:/microchip studio/7.0/Packs/atmel/ATmega_DFP/1.7.374/gcc/dev/atmega32/avr5/crtatmega32.o
                0x00000054                __init
 *(.init0)
 *(.init1)
 *(.init1)
 *(.init2)
 .init2         0x00000054        0xc E:/microchip studio/7.0/Packs/atmel/ATmega_DFP/1.7.374/gcc/dev/atmega32/avr5/crtatmega32.o
 *(.init2)
 *(.init3)
 *(.init3)
 *(.init4)
 .init4         0x00000060       0x10 e:/microchip studio/7.0/toolchain/avr8/avr8-gnu-toolchain/bin/../lib/gcc/avr/5.4.0/avr5\libgcc.a(_clear_bss.o)
                0x00000060                __do_clear_bss
 *(.init4)
 *(.init5)
 *(.init5)
 *(.init6)
 *(.init6)
 *(.init7)
 *(.init7)
 *(.init8)
 *(.init8)
 *(.init9)
 .init9         0x00000070        0x8 E:/microchip studio/7.0/Packs/atmel/ATmega_DFP/1.7.374/gcc/dev/atmega32/avr5/crtatmega32.o
 *(.init9)
 *(.text)
 .text          0x00000078        0x4 E:/microchip studio/7.0/Packs/atmel/ATmega_DFP/1.7.374/gcc/dev/atmega32/avr5/crtatmega32.o
                0x00000078                __vector_12
                0x00000078                __bad_interrupt
                0x00000078                __vector_6
                0x00000078                __vector_3
                0x00000078                __vector_13
                0x00000078                __vector_17
                0x00000078                __vector_19
                0x00000078                __vector_7
                0x00000078                __vector_4
                0x00000078                __vector_9
                0x00000078                __vector_2
                0x00000078                __vector_15
                0x00000078                __vector_8
                0x00000078                __vector_14
                0x00000078                __vector_10
                0x00000078                __vector_16
                0x00000078                __vector_18
                0x00000078                __vector_20
                0x0000007c                . = ALIGN (0x2)
 *(.text.*)
 .text.__vector_11
                0x0000007c       0xc4 application/app.o
                0x0000007c                __vector_11
 .text.__vector_5
                0x00000140       0x4a application/app.o
                0x00000140                __vector_5
 .text.__vector_1
                0x0000018a       0xb4 application/app.o
                0x0000018a                __vector_1
 .text.LED_toggle
                0x0000023e        0x6 ECUAL/led driver/led.o
                0x0000023e                LED_toggle
 .text.main     0x00000244        0x2 main.o
                0x00000244                main
 .text.DIO_toggle
                0x00000246       0x80 MCAL/dio driver/dio.o
                0x00000246                DIO_toggle
 .text.TIMER2_start
                0x000002c6       0x84 MCAL/timer driver/timer.o
                0x000002c6                TIMER2_start
 .text.TIMER2_stop
                0x0000034a        0x4 MCAL/timer driver/timer.o
                0x0000034a                TIMER2_stop
                0x0000034e                . = ALIGN (0x2)
 *(.fini9)
 .fini9         0x0000034e        0x0 e:/microchip studio/7.0/toolchain/avr8/avr8-gnu-toolchain/bin/../lib/gcc/avr/5.4.0/avr5\libgcc.a(_exit.o)
                0x0000034e                _exit
                0x0000034e                exit
 *(.fini9)
 *(.fini8)
 *(.fini8)
 *(.fini7)
 *(.fini7)
 *(.fini6)
 *(.fini6)
 *(.fini5)
 *(.fini5)
 *(.fini4)
 *(.fini4)
 *(.fini3)
 *(.fini3)
 *(.fini2)
 *(.fini2)
 *(.fini1)
 *(.fini1)
 *(.fini0)
 .fini0         0x0000034e        0x4 e:/microchip studio/7.0/toolchain/avr8/avr8-gnu-toolchain/bin/../lib/gcc/avr/5.4.0/avr5\libgcc.a(_exit.o)
 *(.fini0)
                0x00000352                _etext = .

.data           0x00800060        0x0 load address 0x00000352
                [!provide]                PROVIDE (__data_start, .)
 *(.data)
 *(.data*)
 *(.gnu.linkonce.d*)
 *(.rodata)
 *(.rodata*)
 *(.gnu.linkonce.r*)
                0x00800060                . = ALIGN (0x2)
                0x00800060                _edata = .
                [!provide]                PROVIDE (__data_end, .)

.bss            0x00800060        0xc
                0x00800060                PROVIDE (__bss_start, .)
 *(.bss)
 *(.bss*)
 .bss.Press_Button_Flag
                0x00800060        0x1 application/app.o
                0x00800060                Press_Button_Flag
 .bss.Yellow_Flag
                0x00800061        0x1 application/app.o
                0x00800061                Yellow_Flag
 .bss.Car_State
                0x00800062        0x1 application/app.o
                0x00800062                Car_State
 .bss.overflow_Counter_2
                0x00800063        0x4 application/app.o
                0x00800063                overflow_Counter_2
 .bss.overflow_Counter
                0x00800067        0x4 application/app.o
                0x00800067                overflow_Counter
 .bss.seconds_Counter
                0x0080006b        0x1 application/app.o
                0x0080006b                seconds_Counter
 *(COMMON)
                0x0080006c                PROVIDE (__bss_end, .)
                0x00000352                __data_load_start = LOADADDR (.data)
                0x00000352                __data_load_end = (__data_load_start + SIZEOF (.data))

.noinit         0x0080006c        0x0
                [!provide]                PROVIDE (__noinit_start, .)
 *(.noinit*)
                [!provide]                PROVIDE (__noinit_end, .)
                0x0080006c                _end = .
                [!provide]                PROVIDE (__heap_start, .)

.eeprom         0x00810000        0x0
 *(.eeprom*)
                0x00810000                __eeprom_end = .

.fuse
 *(.fuse)
 *(.lfuse)
 *(.hfuse)
 *(.efuse)

.lock
 *(.lock*)

.signature
 *(.signature*)

.user_signatures
 *(.user_signatures*)

.stab
 *(.stab)

.stabstr
 *(.stabstr)

.stab.excl
 *(.stab.excl)

.stab.exclstr
 *(.stab.exclstr)

.stab.index
 *(.stab.index)

.stab.indexstr
 *(.stab.indexstr)

.comment        0x00000000       0x30
 *(.comment)
 .comment       0x00000000       0x30 application/app.o
                                 0x31 (size before relaxing)
 .comment       0x00000030       0x31 ECUAL/led driver/led.o
 .comment       0x00000030       0x31 main.o
 .comment       0x00000030       0x31 MCAL/dio driver/dio.o
 .comment       0x00000030       0x31 MCAL/timer driver/timer.o

.note.gnu.avr.deviceinfo
                0x00000000       0x3c
 .note.gnu.avr.deviceinfo
                0x00000000       0x3c E:/microchip studio/7.0/Packs/atmel/ATmega_DFP/1.7.374/gcc/dev/atmega32/avr5/crtatmega32.o

.note.gnu.build-id
 *(.note.gnu.build-id)

.debug
 *(.debug)

.line
 *(.line)

.debug_srcinfo
 *(.debug_srcinfo)

.debug_sfnames
 *(.debug_sfnames)

.debug_aranges  0x00000000      0x138
 *(.debug_aranges)
 .debug_aranges
                0x00000000       0x40 application/app.o
 .debug_aranges
                0x00000040       0x38 ECUAL/led driver/led.o
 .debug_aranges
                0x00000078       0x20 main.o
 .debug_aranges
                0x00000098       0x48 MCAL/dio driver/dio.o
 .debug_aranges
                0x000000e0       0x58 MCAL/timer driver/timer.o

.debug_pubnames
 *(.debug_pubnames)

.debug_info     0x00000000     0x109e
 *(.debug_info .gnu.linkonce.wi.*)
 .debug_info    0x00000000      0x4e6 E:/microchip studio/7.0/Packs/atmel/ATmega_DFP/1.7.374/gcc/dev/atmega32/avr5/crtatmega32.o
 .debug_info    0x000004e6      0x50f application/app.o
 .debug_info    0x000009f5      0x1e7 ECUAL/led driver/led.o
 .debug_info    0x00000bdc       0x7d main.o
 .debug_info    0x00000c59      0x1eb MCAL/dio driver/dio.o
 .debug_info    0x00000e44      0x25a MCAL/timer driver/timer.o

.debug_abbrev   0x00000000      0x7eb
 *(.debug_abbrev)
 .debug_abbrev  0x00000000      0x4a3 E:/microchip studio/7.0/Packs/atmel/ATmega_DFP/1.7.374/gcc/dev/atmega32/avr5/crtatmega32.o
 .debug_abbrev  0x000004a3       0xf4 application/app.o
 .debug_abbrev  0x00000597       0x8b ECUAL/led driver/led.o
 .debug_abbrev  0x00000622       0x49 main.o
 .debug_abbrev  0x0000066b       0x92 MCAL/dio driver/dio.o
 .debug_abbrev  0x000006fd       0xee MCAL/timer driver/timer.o

.debug_line     0x00000000      0xbb1
 *(.debug_line .debug_line.* .debug_line_end)
 .debug_line    0x00000000      0x116 E:/microchip studio/7.0/Packs/atmel/ATmega_DFP/1.7.374/gcc/dev/atmega32/avr5/crtatmega32.o
 .debug_line    0x00000116      0x363 application/app.o
 .debug_line    0x00000479      0x114 ECUAL/led driver/led.o
 .debug_line    0x0000058d       0x39 main.o
 .debug_line    0x000005c6      0x2e5 MCAL/dio driver/dio.o
 .debug_line    0x000008ab      0x306 MCAL/timer driver/timer.o

.debug_frame    0x00000000      0x2bc
 *(.debug_frame)
 .debug_frame   0x00000000      0x114 application/app.o
 .debug_frame   0x00000114       0x54 ECUAL/led driver/led.o
 .debug_frame   0x00000168       0x24 main.o
 .debug_frame   0x0000018c       0x74 MCAL/dio driver/dio.o
 .debug_frame   0x00000200       0xbc MCAL/timer driver/timer.o

.debug_str      0x00000000      0x550
 *(.debug_str)
 .debug_str     0x00000000      0x196 E:/microchip studio/7.0/Packs/atmel/ATmega_DFP/1.7.374/gcc/dev/atmega32/avr5/crtatmega32.o
 .debug_str     0x00000196      0x265 application/app.o
                                0x299 (size before relaxing)
 .debug_str     0x000003fb       0x47 ECUAL/led driver/led.o
                                0x1e7 (size before relaxing)
 .debug_str     0x00000442       0x11 main.o
                                0x186 (size before relaxing)
 .debug_str     0x00000453       0x64 MCAL/dio driver/dio.o
                                0x1ff (size before relaxing)
 .debug_str     0x000004b7       0x99 MCAL/timer driver/timer.o
                                0x25d (size before relaxing)

.debug_loc      0x00000000      0xcdb
 *(.debug_loc)
 .debug_loc     0x00000000      0x1f9 application/app.o
 .debug_loc     0x000001f9      0x108 ECUAL/led driver/led.o
 .debug_loc     0x00000301      0x624 MCAL/dio driver/dio.o
 .debug_loc     0x00000925      0x3b6 MCAL/timer driver/timer.o

.debug_macinfo
 *(.debug_macinfo)

.debug_weaknames
 *(.debug_weaknames)

.debug_funcnames
 *(.debug_funcnames)

.debug_typenames
 *(.debug_typenames)

.debug_varnames
 *(.debug_varnames)

.debug_pubtypes
 *(.debug_pubtypes)

.debug_ranges   0x00000000       0xe8
 *(.debug_ranges)
 .debug_ranges  0x00000000       0x30 application/app.o
 .debug_ranges  0x00000030       0x28 ECUAL/led driver/led.o
 .debug_ranges  0x00000058       0x10 main.o
 .debug_ranges  0x00000068       0x38 MCAL/dio driver/dio.o
 .debug_ranges  0x000000a0       0x48 MCAL/timer driver/timer.o

.debug_macro
 *(.debug_macro)
OUTPUT(On-demand Traffic light control.elf elf32-avr)
LOAD linker stubs
